// Jest Snapshot v1, https://goo.gl/fbAQLP

exports[`<Button /> should render the heading 1`] = `
<a
  href="href"
>
  <button
    class="bg-blue-600 hover:bg-blue-700 text-white text-md hover:scale-110 m-2 py-2 px-4 rounded-md font-medium"
    type="button"
  >
    Button
  </button>
</a>
`;
